2026-02-24 11:44:59.082 INFO  [main] u.g.o.OkrTrackingSystemApplication - Starting OkrTrackingSystemApplication using Java 25.0.2 with PID 6481 (/Users/spencer_coder/IdeaProjects/OKR/okrTrackingSystem/target/classes started by spencer_coder in /Users/spencer_coder/IdeaProjects/OKR/okrTrackingSystem)
2026-02-24 11:44:59.083 DEBUG [main] u.g.o.OkrTrackingSystemApplication - Running with Spring Boot v4.1.0-M1, Spring v7.0.3
2026-02-24 11:44:59.083 INFO  [main] u.g.o.OkrTrackingSystemApplication - No active profile set, falling back to 1 default profile: "default"
2026-02-24 11:44:59.214 INFO  [background-preinit] o.h.validator.internal.util.Version - HV000001: Hibernate Validator 9.1.0.Final
2026-02-24 11:44:59.897 INFO  [main] o.a.coyote.http11.Http11NioProtocol - Initializing ProtocolHandler ["http-nio-8080"]
2026-02-24 11:44:59.897 INFO  [main] o.a.catalina.core.StandardService - Starting service [Tomcat]
2026-02-24 11:44:59.897 INFO  [main] o.a.catalina.core.StandardEngine - Starting Servlet engine: [Apache Tomcat/11.0.15]
2026-02-24 11:44:59.989 INFO  [main] org.hibernate.orm.jpa - HHH008540: Processing PersistenceUnitInfo [name: default]
2026-02-24 11:45:00.016 INFO  [main] org.hibernate.orm.core - HHH000001: Hibernate ORM core version 7.2.1.Final
2026-02-24 11:45:00.240 INFO  [main] com.zaxxer.hikari.HikariDataSource - HikariPool-1 - Starting...
2026-02-24 11:45:00.324 INFO  [main] com.zaxxer.hikari.pool.HikariPool - HikariPool-1 - Added connection conn0: url=jdbc:h2:file:./data/okrdb user=SA
2026-02-24 11:45:00.324 INFO  [main] com.zaxxer.hikari.HikariDataSource - HikariPool-1 - Start completed.
2026-02-24 11:45:00.334 WARN  [main] org.hibernate.orm.deprecation - HHH90000025: H2Dialect does not need to be specified explicitly using 'hibernate.dialect' (remove the property setting and it will be selected by default)
2026-02-24 11:45:00.342 INFO  [main] o.hibernate.orm.connections.pooling - HHH10001005: Database info:
	Database JDBC URL [jdbc:h2:file:./data/okrdb]
	Database driver: H2 JDBC Driver
	Database dialect: H2Dialect
	Database version: 2.4.240
	Default catalog/schema: OKRDB/PUBLIC
	Autocommit mode: undefined/unknown
	Isolation level: READ_COMMITTED [default READ_COMMITTED]
	JDBC fetch size: 100
	Pool: DataSourceConnectionProvider
	Minimum pool size: undefined/unknown
	Maximum pool size: undefined/unknown
2026-02-24 11:45:00.815 INFO  [main] org.hibernate.orm.core - HHH000489: No JTA platform available (set 'hibernate.transaction.jta.platform' to enable JTA platform integration)
2026-02-24 11:45:01.163 DEBUG [main] u.g.o.s.JwtAuthenticationFilter - Filter 'jwtAuthenticationFilter' configured for use
2026-02-24 11:45:01.163 DEBUG [main] u.g.o.config.RequestLoggingFilter - Filter 'requestLoggingFilter' configured for use
2026-02-24 11:45:01.229 WARN  [main] o.s.s.c.a.a.c.InitializeUserDetailsBeanManagerConfigurer$InitializeUserDetailsManagerConfigurer - Global AuthenticationManager configured with an AuthenticationProvider bean. UserDetailsService beans will not be used by Spring Security for automatically configuring username/password login. Consider removing the AuthenticationProvider bean. Alternatively, consider using the UserDetailsService in a manually instantiated DaoAuthenticationProvider. If the current configuration is intentional, to turn off this warning, increase the logging level of 'org.springframework.security.config.annotation.authentication.configuration.InitializeUserDetailsBeanManagerConfigurer' to ERROR
2026-02-24 11:45:01.241 INFO  [main] u.g.o.service.FileUploadService - Created upload directory: /Users/spencer_coder/IdeaProjects/OKR/okrTrackingSystem/./uploads/watermarks
2026-02-24 11:45:01.337 DEBUG [main] org.hibernate.SQL - 
    select
        count(*) 
    from
        score_levels sl1_0
2026-02-24 11:45:01.394 WARN  [main] o.s.b.j.a.JpaBaseConfiguration$JpaWebConfiguration - spring.jpa.open-in-view is enabled by default. Therefore, database queries may be performed during view rendering. Explicitly configure spring.jpa.open-in-view to disable this warning
2026-02-24 11:45:01.706 INFO  [main] o.a.coyote.http11.Http11NioProtocol - Starting ProtocolHandler ["http-nio-8080"]
2026-02-24 11:45:01.713 INFO  [main] u.g.o.OkrTrackingSystemApplication - Started OkrTrackingSystemApplication in 2.809 seconds (process running for 3.064)
2026-02-24 11:45:01.723 DEBUG [main] org.hibernate.SQL - 
    select
        d1_0.id,
        d1_0.created_at,
        d1_0.leader_id,
        d1_0.division_id,
        d1_0.name,
        d1_0.updated_at 
    from
        department d1_0 
    where
        d1_0.division_id is null
2026-02-24 11:45:01.727 DEBUG [main] u.g.o.config.DataMigrationConfig - No orphan departments found - migration not needed
2026-02-24 11:45:01.728 DEBUG [main] org.hibernate.SQL - 
    select
        count(*) 
    from
        users u1_0
2026-02-24 11:45:01.729 DEBUG [main] org.hibernate.SQL - 
    select
        count(*) 
    from
        users u1_0
2026-02-24 11:45:01.729 INFO  [main] u.g.o.config.DataInitializer - Users already exist in database, count: 1
2026-02-24 11:45:01.732 DEBUG [main] org.hibernate.SQL - 
    select
        count(*) 
    from
        platform_settings ps1_0 
    where
        ps1_0.setting_key=?
2026-02-24 11:45:01.732 TRACE [main] org.hibernate.orm.jdbc.bind - binding parameter (1:VARCHAR) <- [REQUIRE_ATTACHMENT_FOR_ACTUAL_VALUE]
2026-02-24 11:45:01.736 DEBUG [main] org.hibernate.SQL - 
    select
        e1_0.id,
        e1_0.comment,
        e1_0.created_at,
        e1_0.evaluator_id,
        e1_0.evaluator_type,
        e1_0.letter_rating,
        e1_0.numeric_rating,
        e1_0.status,
        e1_0.submitted_at,
        e1_0.target_id,
        e1_0.target_type,
        e1_0.updated_at 
    from
        evaluations e1_0
2026-02-24 11:45:01.737 INFO  [main] u.g.o.service.EvaluationService - No DRAFT evaluations found to migrate
2026-02-24 11:45:08.891 INFO  [http-nio-8080-exec-1] o.a.c.c.C.[Tomcat].[localhost].[/] - Initializing Spring DispatcherServlet 'dispatcherServlet'
2026-02-24 11:45:09.225 INFO  [http-nio-8080-exec-1] o.s.api.AbstractOpenApiResource - Init duration for springdoc-openapi is: 314 ms
2026-02-24 11:47:17.473 INFO  [SpringApplicationShutdownHook] com.zaxxer.hikari.HikariDataSource - HikariPool-1 - Shutdown initiated...
2026-02-24 11:47:17.474 INFO  [SpringApplicationShutdownHook] com.zaxxer.hikari.HikariDataSource - HikariPool-1 - Shutdown completed.
